******************************************************************************
                  MSP430 Linker Unix v21.6.0                   
******************************************************************************
>> Linked Sun Dec 18 20:57:16 2022

OUTPUT FILE NAME:   <radio_driver.out>
ENTRY POINT SYMBOL: "_c_int00_noargs"  address: 0000e934


MEMORY CONFIGURATION

         name            origin    length      used     unused   attr    fill
----------------------  --------  ---------  --------  --------  ----  --------
  SFR                   00000000   00000010  00000000  00000010  RWIX
  PERIPHERALS_8BIT      00000010   000000f0  00000000  000000f0  RWIX
  PERIPHERALS_16BIT     00000100   00000100  00000000  00000100  RWIX
  RAM                   00000200   00000200  00000068  00000198  RWIX
  INFOD                 00001000   00000040  00000000  00000040  RWIX
  INFOC                 00001040   00000040  00000000  00000040  RWIX
  INFOB                 00001080   00000040  00000000  00000040  RWIX
  INFOA                 000010c0   00000040  00000000  00000040  RWIX
  FLASH                 0000c000   00003fde  000029d4  0000160a  RWIX
  BSLSIGNATURE          0000ffde   00000002  00000002  00000000  RWIX  ffff 
  INT00                 0000ffe0   00000002  00000002  00000000  RWIX
  INT01                 0000ffe2   00000002  00000000  00000002  RWIX
  INT02                 0000ffe4   00000002  00000002  00000000  RWIX
  INT03                 0000ffe6   00000002  00000002  00000000  RWIX
  INT04                 0000ffe8   00000002  00000000  00000002  RWIX
  INT05                 0000ffea   00000002  00000002  00000000  RWIX
  INT06                 0000ffec   00000002  00000002  00000000  RWIX
  INT07                 0000ffee   00000002  00000002  00000000  RWIX
  INT08                 0000fff0   00000002  00000002  00000000  RWIX
  INT09                 0000fff2   00000002  00000002  00000000  RWIX
  INT10                 0000fff4   00000002  00000002  00000000  RWIX
  INT11                 0000fff6   00000002  00000002  00000000  RWIX
  INT12                 0000fff8   00000002  00000002  00000000  RWIX
  INT13                 0000fffa   00000002  00000002  00000000  RWIX
  INT14                 0000fffc   00000002  00000002  00000000  RWIX
  RESET                 0000fffe   00000002  00000002  00000000  RWIX


SECTION ALLOCATION MAP

 output                                  attributes/
section   page    origin      length       input sections
--------  ----  ----------  ----------   ----------------
.bss       0    00000200    00000018     UNINITIALIZED
                  00000200    00000008     (.common:freq)
                  00000208    00000004     lcd.obj (.bss:tx$1)
                  0000020c    00000004     (.common:frequency)
                  00000210    00000002     i2c.obj (.bss)
                  00000212    00000002     (.common:RX_BUF)
                  00000214    00000002     (.common:TX_BUF)
                  00000216    00000001     (.common:button)
                  00000217    00000001     (.common:cursor)

.stack     0    000003b0    00000050     UNINITIALIZED
                  000003b0    00000002     rts430_eabi.lib : boot.c.obj (.stack)
                  000003b2    0000004e     --HOLE--

.text      0    0000c000    000029ca     
                  0000c000    00000736     rts430_eabi.lib : addd.c.obj (.text:__mspabi_addd)
                  0000c736    00000478                     : frcdivd.c.obj (.text:__TI_frcdivd)
                  0000cbae    00000344     main.obj (.text:main)
                  0000cef2    000002c0     rts430_eabi.lib : mpyd.c.obj (.text:__mspabi_mpyd)
                  0000d1b2    00000238                     : divd.c.obj (.text:__mspabi_divd)
                  0000d3ea    000001e0     si5351.obj (.text:si_set_freq)
                  0000d5ca    000001d0     rts430_eabi.lib : s_floor.c.obj (.text:floor)
                  0000d79a    00000172                     : frcmpyd.c.obj (.text:__TI_frcmpyd)
                  0000d90c    00000132                     : fs_add.asm.obj (.text)
                  0000da3e    00000114                     : mult64.asm.obj (.text:__mpyll)
                  0000db52    00000108     si5351.obj (.text:pll_b_init)
                  0000dc5a    000000f8     si5351.obj (.text:pll_a_init)
                  0000dd52    000000e8     si5351.obj (.text:si_tx)
                  0000de3a    000000dc     rts430_eabi.lib : cmpd.c.obj (.text:__mspabi_cmpd)
                  0000df16    000000c4                     : fs_mpy.asm.obj (.text)
                  0000dfda    000000b4                     : cvtdf.c.obj (.text:__mspabi_cvtdf)
                  0000e08e    0000009c                     : fs_div.asm.obj (.text)
                  0000e12a    0000008a                     : fltuld.c.obj (.text:__mspabi_fltuld)
                  0000e1b4    0000007e     lcd.obj (.text:lcd_write)
                  0000e232    00000074     rts430_eabi.lib : fixdul.c.obj (.text:__mspabi_fixdul)
                  0000e2a6    00000070                     : cvtfd.c.obj (.text:__mspabi_cvtfd)
                  0000e316    0000005c                     : lsr32.asm.obj (.text:l_lsr_const)
                  0000e372    00000058                     : div32u.asm.obj (.text)
                  0000e3ca    0000004c                     : fs_toul.asm.obj (.text)
                  0000e416    0000004c                     : lsr16.asm.obj (.text)
                  0000e462    0000004a                     : asr64.c.obj (.text:__mspabi_srall)
                  0000e4ac    00000046                     : lsr64.c.obj (.text:__mspabi_srlll)
                  0000e4f2    00000044                     : lsl64.c.obj (.text:__mspabi_sllll)
                  0000e536    00000042                     : autoinit.c.obj (.text:__TI_auto_init_nobinit_nopinit:__TI_auto_init_nobinit_nopinit)
                  0000e578    00000042     lcd.obj (.text:lcd_c)
                  0000e5ba    00000040     lcd.obj (.text:lcd_init)
                  0000e5fa    0000003e     main.obj (.text:PORT2_ISR)
                  0000e638    0000003e     rts430_eabi.lib : asr32.asm.obj (.text:l_asr_const)
                  0000e676    0000003e                     : lsl32.asm.obj (.text:l_lsl_const)
                  0000e6b4    0000003a     lcd.obj (.text:lcd_tx)
                  0000e6ee    00000038     i2c.obj (.text:i2c_tx_double)
                  0000e726    00000038     lcd.obj (.text:nibbler)
                  0000e75e    00000036     i2c.obj (.text:USCIAB0TX_ISR)
                  0000e794    00000032     i2c.obj (.text:i2c_tx_single)
                  0000e7c6    00000032     rts430_eabi.lib : fs_ultof.asm.obj (.text)
                  0000e7f8    0000002e                     : subd.c.obj (.text:__mspabi_subd)
                  0000e826    0000002c     i2c.obj (.text:i2c_init)
                  0000e852    0000002c     rts430_eabi.lib : asr16.asm.obj (.text)
                  0000e87e    0000002c                     : lsl16.asm.obj (.text)
                  0000e8aa    00000026                     : mult32.asm.obj (.text)
                  0000e8d0    00000024     main.obj (.text:int_pow)
                  0000e8f4    00000022     rts430_eabi.lib : mult1632.asm.obj (.text:__mpyul)
                  0000e916    0000001e                     : mult3264.asm.obj (.text:__mpyull)
                  0000e934    0000001c                     : boot.c.obj (.text:_c_int00_noargs)
                  0000e950    00000014                     : copy_zero_init.c.obj (.text:decompress:ZI:__TI_zero_init_nomemset:__TI_zero_init_nomemset)
                  0000e964    00000014                     : mult16.asm.obj (.text)
                  0000e978    00000012                     : lsr32.asm.obj (.text:l_lsr)
                  0000e98a    00000010                     : asr32.asm.obj (.text:l_asr)
                  0000e99a    00000010                     : epilog.asm.obj (.text)
                  0000e9aa    0000000c     i2c.obj (.text:USCIAB0RX_ISR)
                  0000e9b6    00000008     rts430_eabi.lib : isr_trap.asm.obj (.text:_isr:__TI_ISR_TRAP)
                  0000e9be    00000006                     : exit.c.obj (.text:abort)
                  0000e9c4    00000004                     : pre_init.c.obj (.text:_system_pre_init)
                  0000e9c8    00000002                     : startup.c.obj (.text:_system_post_cinit)

.cinit     0    0000e9ca    0000000a     
                  0000e9ca    00000004     (.cinit..bss.load) [load image, compression = zero_init]
                  0000e9ce    00000002     (__TI_handler_table)
                  0000e9d0    00000004     (__TI_cinit_table)

.binit     0    0000c000    00000000     

.init_array 
*          0    0000c000    00000000     UNINITIALIZED

TRAPINT    0    0000ffe0    00000002     
                  0000ffe0    00000002     rts430_eabi.lib : int00.asm.obj (.int00)

PORT1      0    0000ffe4    00000002     
                  0000ffe4    00000002     rts430_eabi.lib : int02.asm.obj (.int02)

PORT2      0    0000ffe6    00000002     
                  0000ffe6    00000002     main.obj (.int03)

ADC10      0    0000ffea    00000002     
                  0000ffea    00000002     rts430_eabi.lib : int05.asm.obj (.int05)

USCIAB0TX 
*          0    0000ffec    00000002     
                  0000ffec    00000002     i2c.obj (.int06)

USCIAB0RX 
*          0    0000ffee    00000002     
                  0000ffee    00000002     i2c.obj (.int07)

TIMER0_A1 
*          0    0000fff0    00000002     
                  0000fff0    00000002     rts430_eabi.lib : int08.asm.obj (.int08)

TIMER0_A0 
*          0    0000fff2    00000002     
                  0000fff2    00000002     rts430_eabi.lib : int09.asm.obj (.int09)

WDT        0    0000fff4    00000002     
                  0000fff4    00000002     rts430_eabi.lib : int10.asm.obj (.int10)

COMPARATORA 
*          0    0000fff6    00000002     
                  0000fff6    00000002     rts430_eabi.lib : int11.asm.obj (.int11)

TIMER1_A1 
*          0    0000fff8    00000002     
                  0000fff8    00000002     rts430_eabi.lib : int12.asm.obj (.int12)

TIMER1_A0 
*          0    0000fffa    00000002     
                  0000fffa    00000002     rts430_eabi.lib : int13.asm.obj (.int13)

NMI        0    0000fffc    00000002     
                  0000fffc    00000002     rts430_eabi.lib : int14.asm.obj (.int14)

.reset     0    0000fffe    00000002     
                  0000fffe    00000002     rts430_eabi.lib : boot.c.obj (.reset)

$fill000   0    0000ffde    00000002     
                  0000ffde    00000002     --HOLE-- [fill = ffff]

MODULE SUMMARY

       Module                 code    ro data   rw data
       ------                 ----    -------   -------
    ./
       si5351.obj             1224    0         0      
       main.obj               934     2         14     
       lcd.obj                370     0         4      
       i2c.obj                216     4         6      
    +--+----------------------+-------+---------+---------+
       Total:                 2744    6         24     
                                                       
    /opt/ti/ccs1210/ccs/tools/compiler/ti-cgt-msp430_21.6.0.LTS/lib/rts430_eabi.lib
       addd.c.obj             1846    0         0      
       frcdivd.c.obj          1144    0         0      
       mpyd.c.obj             704     0         0      
       divd.c.obj             568     0         0      
       s_floor.c.obj          464     0         0      
       frcmpyd.c.obj          370     0         0      
       fs_add.asm.obj         306     0         0      
       mult64.asm.obj         276     0         0      
       cmpd.c.obj             220     0         0      
       fs_mpy.asm.obj         196     0         0      
       cvtdf.c.obj            180     0         0      
       fs_div.asm.obj         156     0         0      
       fltuld.c.obj           138     0         0      
       fixdul.c.obj           116     0         0      
       cvtfd.c.obj            112     0         0      
       lsr32.asm.obj          110     0         0      
       div32u.asm.obj         88      0         0      
       asr32.asm.obj          78      0         0      
       fs_toul.asm.obj        76      0         0      
       lsr16.asm.obj          76      0         0      
       asr64.c.obj            74      0         0      
       lsr64.c.obj            70      0         0      
       lsl64.c.obj            68      0         0      
       autoinit.c.obj         66      0         0      
       lsl32.asm.obj          62      0         0      
       fs_ultof.asm.obj       50      0         0      
       subd.c.obj             46      0         0      
       asr16.asm.obj          44      0         0      
       lsl16.asm.obj          44      0         0      
       mult32.asm.obj         38      0         0      
       mult1632.asm.obj       34      0         0      
       boot.c.obj             28      2         0      
       mult3264.asm.obj       30      0         0      
       copy_zero_init.c.obj   20      0         0      
       mult16.asm.obj         20      0         0      
       epilog.asm.obj         16      0         0      
       isr_trap.asm.obj       8       0         0      
       exit.c.obj             6       0         0      
       pre_init.c.obj         4       0         0      
       int00.asm.obj          0       2         0      
       int02.asm.obj          0       2         0      
       int05.asm.obj          0       2         0      
       int08.asm.obj          0       2         0      
       int09.asm.obj          0       2         0      
       int10.asm.obj          0       2         0      
       int11.asm.obj          0       2         0      
       int12.asm.obj          0       2         0      
       int13.asm.obj          0       2         0      
       int14.asm.obj          0       2         0      
       startup.c.obj          2       0         0      
    +--+----------------------+-------+---------+---------+
       Total:                 7954    22        0      
                                                       
       Stack:                 0       0         80     
       Linker Generated:      0       10        0      
    +--+----------------------+-------+---------+---------+
       Grand Total:           10698   38        104    


LINKER GENERATED COPY TABLES

__TI_cinit_table @ 0000e9d0 records: 1, size/record: 4, table size: 4
	.bss: load addr=0000e9ca, load size=00000004 bytes, run addr=00000200, run size=00000018 bytes, compression=zero_init


LINKER GENERATED HANDLER TABLE

__TI_handler_table @ 0000e9ce records: 1, size/record: 2, table size: 2
	index: 0, handler: __TI_zero_init


GLOBAL SYMBOLS: SORTED ALPHABETICALLY BY Name 

address   name                          
-------   ----                          
0000004a  ADC10AE0                      
000001b0  ADC10CTL0                     
000001b2  ADC10CTL1                     
00000048  ADC10DTC0                     
00000049  ADC10DTC1                     
000001b4  ADC10MEM                      
000001bc  ADC10SA                       
00000057  BCSCTL1                       
00000058  BCSCTL2                       
00000053  BCSCTL3                       
0000e9be  C$$EXIT                       
00000059  CACTL1                        
0000005a  CACTL2                        
000010fb  CALBC1_12MHZ                  
000010f9  CALBC1_16MHZ                  
000010ff  CALBC1_1MHZ                   
000010fd  CALBC1_8MHZ                   
000010fa  CALDCO_12MHZ                  
000010f8  CALDCO_16MHZ                  
000010fe  CALDCO_1MHZ                   
000010fc  CALDCO_8MHZ                   
0000005b  CAPD                          
00000056  DCOCTL                        
00000128  FCTL1                         
0000012a  FCTL2                         
0000012c  FCTL3                         
00000000  IE1                           
00000001  IE2                           
00000002  IFG1                          
00000003  IFG2                          
00000022  P1DIR                         
00000025  P1IE                          
00000024  P1IES                         
00000023  P1IFG                         
00000020  P1IN                          
00000021  P1OUT                         
00000027  P1REN                         
00000026  P1SEL                         
00000041  P1SEL2                        
0000002a  P2DIR                         
0000002d  P2IE                          
0000002c  P2IES                         
0000002b  P2IFG                         
00000028  P2IN                          
00000029  P2OUT                         
0000002f  P2REN                         
0000002e  P2SEL                         
00000042  P2SEL2                        
0000001a  P3DIR                         
00000018  P3IN                          
00000019  P3OUT                         
00000010  P3REN                         
0000001b  P3SEL                         
00000043  P3SEL2                        
0000e5fa  PORT2_ISR                     
00000212  RX_BUF                        
00000172  TA0CCR0                       
00000174  TA0CCR1                       
00000176  TA0CCR2                       
00000162  TA0CCTL0                      
00000164  TA0CCTL1                      
00000166  TA0CCTL2                      
00000160  TA0CTL                        
0000012e  TA0IV                         
00000170  TA0R                          
00000192  TA1CCR0                       
00000194  TA1CCR1                       
00000196  TA1CCR2                       
00000182  TA1CCTL0                      
00000184  TA1CCTL1                      
00000186  TA1CCTL2                      
00000180  TA1CTL                        
0000011e  TA1IV                         
00000190  TA1R                          
000010db  TLV_ADC10_1_LEN               
000010da  TLV_ADC10_1_TAG               
000010c0  TLV_CHECKSUM                  
000010f7  TLV_DCO_30_LEN                
000010f6  TLV_DCO_30_TAG                
00000214  TX_BUF                        
0000005d  UCA0ABCTL                     
00000062  UCA0BR0                       
00000063  UCA0BR1                       
00000060  UCA0CTL0                      
00000061  UCA0CTL1                      
0000005f  UCA0IRRCTL                    
0000005e  UCA0IRTCTL                    
00000064  UCA0MCTL                      
00000066  UCA0RXBUF                     
00000065  UCA0STAT                      
00000067  UCA0TXBUF                     
0000006a  UCB0BR0                       
0000006b  UCB0BR1                       
00000068  UCB0CTL0                      
00000069  UCB0CTL1                      
0000006c  UCB0I2CIE                     
00000118  UCB0I2COA                     
0000011a  UCB0I2CSA                     
0000006e  UCB0RXBUF                     
0000006d  UCB0STAT                      
0000006f  UCB0TXBUF                     
0000e9aa  USCIAB0RX_ISR                 
0000e75e  USCIAB0TX_ISR                 
00000120  WDTCTL                        
00000400  __STACK_END                   
00000050  __STACK_SIZE                  
0000e9d0  __TI_CINIT_Base               
0000e9d4  __TI_CINIT_Limit              
0000e9d4  __TI_CINIT_Warm               
0000e9ce  __TI_Handler_Table_Base       
0000e9d0  __TI_Handler_Table_Limit      
0000e9b6  __TI_ISR_TRAP                 
0000e536  __TI_auto_init_nobinit_nopinit
0000c736  __TI_frcdivd                  
0000d79a  __TI_frcmpyd                  
0000ffe0  __TI_int00                    
0000ffe4  __TI_int02                    
0000ffe6  __TI_int03                    
0000ffea  __TI_int05                    
0000ffec  __TI_int06                    
0000ffee  __TI_int07                    
0000fff0  __TI_int08                    
0000fff2  __TI_int09                    
0000fff4  __TI_int10                    
0000fff6  __TI_int11                    
0000fff8  __TI_int12                    
0000fffa  __TI_int13                    
0000fffc  __TI_int14                    
ffffffff  __TI_pprof_out_hndl           
ffffffff  __TI_prof_data_size           
ffffffff  __TI_prof_data_start          
0000e950  __TI_zero_init_nomemset       
ffffffff  __c_args__                    
0000c000  __mspabi_addd                 
0000d912  __mspabi_addf                 
0000de3a  __mspabi_cmpd                 
0000dfda  __mspabi_cvtdf                
0000e2a6  __mspabi_cvtfd                
0000d1b2  __mspabi_divd                 
0000e08e  __mspabi_divf                 
0000e372  __mspabi_divul                
0000e232  __mspabi_fixdul               
0000e3ca  __mspabi_fixful               
0000e12a  __mspabi_fltuld               
0000e7c6  __mspabi_fltulf               
0000e9a6  __mspabi_func_epilog_1        
0000e9a4  __mspabi_func_epilog_2        
0000e9a2  __mspabi_func_epilog_3        
0000e9a0  __mspabi_func_epilog_4        
0000e99e  __mspabi_func_epilog_5        
0000e99c  __mspabi_func_epilog_6        
0000e99a  __mspabi_func_epilog_7        
0000cef2  __mspabi_mpyd                 
0000df16  __mspabi_mpyf                 
0000e964  __mspabi_mpyi                 
0000e964  __mspabi_mpyi_sw              
0000e8aa  __mspabi_mpyl                 
0000e8aa  __mspabi_mpyl_sw              
0000da3e  __mspabi_mpyll                
0000da3e  __mspabi_mpyll_sw             
0000e8f4  __mspabi_mpyul                
0000e8f4  __mspabi_mpyul_sw             
0000e916  __mspabi_mpyull               
0000e916  __mspabi_mpyull_sw            
0000e372  __mspabi_remul                
0000e87e  __mspabi_slli                 
0000e8a6  __mspabi_slli_1               
0000e894  __mspabi_slli_10              
0000e892  __mspabi_slli_11              
0000e890  __mspabi_slli_12              
0000e88e  __mspabi_slli_13              
0000e88c  __mspabi_slli_14              
0000e88a  __mspabi_slli_15              
0000e8a4  __mspabi_slli_2               
0000e8a2  __mspabi_slli_3               
0000e8a0  __mspabi_slli_4               
0000e89e  __mspabi_slli_5               
0000e89c  __mspabi_slli_6               
0000e89a  __mspabi_slli_7               
0000e898  __mspabi_slli_8               
0000e896  __mspabi_slli_9               
0000e6ae  __mspabi_slll_1               
0000e68a  __mspabi_slll_10              
0000e686  __mspabi_slll_11              
0000e682  __mspabi_slll_12              
0000e67e  __mspabi_slll_13              
0000e67a  __mspabi_slll_14              
0000e676  __mspabi_slll_15              
0000e6aa  __mspabi_slll_2               
0000e6a6  __mspabi_slll_3               
0000e6a2  __mspabi_slll_4               
0000e69e  __mspabi_slll_5               
0000e69a  __mspabi_slll_6               
0000e696  __mspabi_slll_7               
0000e692  __mspabi_slll_8               
0000e68e  __mspabi_slll_9               
0000e4f2  __mspabi_sllll                
0000e852  __mspabi_srai                 
0000e87a  __mspabi_srai_1               
0000e868  __mspabi_srai_10              
0000e866  __mspabi_srai_11              
0000e864  __mspabi_srai_12              
0000e862  __mspabi_srai_13              
0000e860  __mspabi_srai_14              
0000e85e  __mspabi_srai_15              
0000e878  __mspabi_srai_2               
0000e876  __mspabi_srai_3               
0000e874  __mspabi_srai_4               
0000e872  __mspabi_srai_5               
0000e870  __mspabi_srai_6               
0000e86e  __mspabi_srai_7               
0000e86c  __mspabi_srai_8               
0000e86a  __mspabi_srai_9               
0000e98a  __mspabi_sral                 
0000e670  __mspabi_sral_1               
0000e64c  __mspabi_sral_10              
0000e648  __mspabi_sral_11              
0000e644  __mspabi_sral_12              
0000e640  __mspabi_sral_13              
0000e63c  __mspabi_sral_14              
0000e638  __mspabi_sral_15              
0000e66c  __mspabi_sral_2               
0000e668  __mspabi_sral_3               
0000e664  __mspabi_sral_4               
0000e660  __mspabi_sral_5               
0000e65c  __mspabi_sral_6               
0000e658  __mspabi_sral_7               
0000e654  __mspabi_sral_8               
0000e650  __mspabi_sral_9               
0000e462  __mspabi_srall                
0000e416  __mspabi_srli                 
0000e45c  __mspabi_srli_1               
0000e438  __mspabi_srli_10              
0000e434  __mspabi_srli_11              
0000e430  __mspabi_srli_12              
0000e42c  __mspabi_srli_13              
0000e428  __mspabi_srli_14              
0000e424  __mspabi_srli_15              
0000e458  __mspabi_srli_2               
0000e454  __mspabi_srli_3               
0000e450  __mspabi_srli_4               
0000e44c  __mspabi_srli_5               
0000e448  __mspabi_srli_6               
0000e444  __mspabi_srli_7               
0000e440  __mspabi_srli_8               
0000e43c  __mspabi_srli_9               
0000e978  __mspabi_srll                 
0000e36a  __mspabi_srll_1               
0000e334  __mspabi_srll_10              
0000e32e  __mspabi_srll_11              
0000e328  __mspabi_srll_12              
0000e322  __mspabi_srll_13              
0000e31c  __mspabi_srll_14              
0000e316  __mspabi_srll_15              
0000e364  __mspabi_srll_2               
0000e35e  __mspabi_srll_3               
0000e358  __mspabi_srll_4               
0000e352  __mspabi_srll_5               
0000e34c  __mspabi_srll_6               
0000e346  __mspabi_srll_7               
0000e340  __mspabi_srll_8               
0000e33a  __mspabi_srll_9               
0000e4ac  __mspabi_srlll                
0000e7f8  __mspabi_subd                 
0000d90c  __mspabi_subf                 
0000e934  _c_int00_noargs               
0000fffe  _reset_vector                 
000003b0  _stack                        
0000e9c8  _system_post_cinit            
0000e9c4  _system_pre_init              
0000e9be  abort                         
00000216  button                        
00000217  cursor                        
0000d5ca  floor                         
0000d5ca  floorl                        
00000200  freq                          
0000020c  frequency                     
0000e826  i2c_init                      
0000e6ee  i2c_tx_double                 
0000e794  i2c_tx_single                 
0000e8d0  int_pow                       
0000e578  lcd_c                         
0000e5ba  lcd_init                      
0000e6b4  lcd_tx                        
0000e1b4  lcd_write                     
0000cbae  main                          
0000e726  nibbler                       
0000dc5a  pll_a_init                    
0000db52  pll_b_init                    
0000d3ea  si_set_freq                   
0000dd52  si_tx                         


GLOBAL SYMBOLS: SORTED BY Symbol Address 

address   name                          
-------   ----                          
00000000  IE1                           
00000001  IE2                           
00000002  IFG1                          
00000003  IFG2                          
00000010  P3REN                         
00000018  P3IN                          
00000019  P3OUT                         
0000001a  P3DIR                         
0000001b  P3SEL                         
00000020  P1IN                          
00000021  P1OUT                         
00000022  P1DIR                         
00000023  P1IFG                         
00000024  P1IES                         
00000025  P1IE                          
00000026  P1SEL                         
00000027  P1REN                         
00000028  P2IN                          
00000029  P2OUT                         
0000002a  P2DIR                         
0000002b  P2IFG                         
0000002c  P2IES                         
0000002d  P2IE                          
0000002e  P2SEL                         
0000002f  P2REN                         
00000041  P1SEL2                        
00000042  P2SEL2                        
00000043  P3SEL2                        
00000048  ADC10DTC0                     
00000049  ADC10DTC1                     
0000004a  ADC10AE0                      
00000050  __STACK_SIZE                  
00000053  BCSCTL3                       
00000056  DCOCTL                        
00000057  BCSCTL1                       
00000058  BCSCTL2                       
00000059  CACTL1                        
0000005a  CACTL2                        
0000005b  CAPD                          
0000005d  UCA0ABCTL                     
0000005e  UCA0IRTCTL                    
0000005f  UCA0IRRCTL                    
00000060  UCA0CTL0                      
00000061  UCA0CTL1                      
00000062  UCA0BR0                       
00000063  UCA0BR1                       
00000064  UCA0MCTL                      
00000065  UCA0STAT                      
00000066  UCA0RXBUF                     
00000067  UCA0TXBUF                     
00000068  UCB0CTL0                      
00000069  UCB0CTL1                      
0000006a  UCB0BR0                       
0000006b  UCB0BR1                       
0000006c  UCB0I2CIE                     
0000006d  UCB0STAT                      
0000006e  UCB0RXBUF                     
0000006f  UCB0TXBUF                     
00000118  UCB0I2COA                     
0000011a  UCB0I2CSA                     
0000011e  TA1IV                         
00000120  WDTCTL                        
00000128  FCTL1                         
0000012a  FCTL2                         
0000012c  FCTL3                         
0000012e  TA0IV                         
00000160  TA0CTL                        
00000162  TA0CCTL0                      
00000164  TA0CCTL1                      
00000166  TA0CCTL2                      
00000170  TA0R                          
00000172  TA0CCR0                       
00000174  TA0CCR1                       
00000176  TA0CCR2                       
00000180  TA1CTL                        
00000182  TA1CCTL0                      
00000184  TA1CCTL1                      
00000186  TA1CCTL2                      
00000190  TA1R                          
00000192  TA1CCR0                       
00000194  TA1CCR1                       
00000196  TA1CCR2                       
000001b0  ADC10CTL0                     
000001b2  ADC10CTL1                     
000001b4  ADC10MEM                      
000001bc  ADC10SA                       
00000200  freq                          
0000020c  frequency                     
00000212  RX_BUF                        
00000214  TX_BUF                        
00000216  button                        
00000217  cursor                        
000003b0  _stack                        
00000400  __STACK_END                   
000010c0  TLV_CHECKSUM                  
000010da  TLV_ADC10_1_TAG               
000010db  TLV_ADC10_1_LEN               
000010f6  TLV_DCO_30_TAG                
000010f7  TLV_DCO_30_LEN                
000010f8  CALDCO_16MHZ                  
000010f9  CALBC1_16MHZ                  
000010fa  CALDCO_12MHZ                  
000010fb  CALBC1_12MHZ                  
000010fc  CALDCO_8MHZ                   
000010fd  CALBC1_8MHZ                   
000010fe  CALDCO_1MHZ                   
000010ff  CALBC1_1MHZ                   
0000c000  __mspabi_addd                 
0000c736  __TI_frcdivd                  
0000cbae  main                          
0000cef2  __mspabi_mpyd                 
0000d1b2  __mspabi_divd                 
0000d3ea  si_set_freq                   
0000d5ca  floor                         
0000d5ca  floorl                        
0000d79a  __TI_frcmpyd                  
0000d90c  __mspabi_subf                 
0000d912  __mspabi_addf                 
0000da3e  __mspabi_mpyll                
0000da3e  __mspabi_mpyll_sw             
0000db52  pll_b_init                    
0000dc5a  pll_a_init                    
0000dd52  si_tx                         
0000de3a  __mspabi_cmpd                 
0000df16  __mspabi_mpyf                 
0000dfda  __mspabi_cvtdf                
0000e08e  __mspabi_divf                 
0000e12a  __mspabi_fltuld               
0000e1b4  lcd_write                     
0000e232  __mspabi_fixdul               
0000e2a6  __mspabi_cvtfd                
0000e316  __mspabi_srll_15              
0000e31c  __mspabi_srll_14              
0000e322  __mspabi_srll_13              
0000e328  __mspabi_srll_12              
0000e32e  __mspabi_srll_11              
0000e334  __mspabi_srll_10              
0000e33a  __mspabi_srll_9               
0000e340  __mspabi_srll_8               
0000e346  __mspabi_srll_7               
0000e34c  __mspabi_srll_6               
0000e352  __mspabi_srll_5               
0000e358  __mspabi_srll_4               
0000e35e  __mspabi_srll_3               
0000e364  __mspabi_srll_2               
0000e36a  __mspabi_srll_1               
0000e372  __mspabi_divul                
0000e372  __mspabi_remul                
0000e3ca  __mspabi_fixful               
0000e416  __mspabi_srli                 
0000e424  __mspabi_srli_15              
0000e428  __mspabi_srli_14              
0000e42c  __mspabi_srli_13              
0000e430  __mspabi_srli_12              
0000e434  __mspabi_srli_11              
0000e438  __mspabi_srli_10              
0000e43c  __mspabi_srli_9               
0000e440  __mspabi_srli_8               
0000e444  __mspabi_srli_7               
0000e448  __mspabi_srli_6               
0000e44c  __mspabi_srli_5               
0000e450  __mspabi_srli_4               
0000e454  __mspabi_srli_3               
0000e458  __mspabi_srli_2               
0000e45c  __mspabi_srli_1               
0000e462  __mspabi_srall                
0000e4ac  __mspabi_srlll                
0000e4f2  __mspabi_sllll                
0000e536  __TI_auto_init_nobinit_nopinit
0000e578  lcd_c                         
0000e5ba  lcd_init                      
0000e5fa  PORT2_ISR                     
0000e638  __mspabi_sral_15              
0000e63c  __mspabi_sral_14              
0000e640  __mspabi_sral_13              
0000e644  __mspabi_sral_12              
0000e648  __mspabi_sral_11              
0000e64c  __mspabi_sral_10              
0000e650  __mspabi_sral_9               
0000e654  __mspabi_sral_8               
0000e658  __mspabi_sral_7               
0000e65c  __mspabi_sral_6               
0000e660  __mspabi_sral_5               
0000e664  __mspabi_sral_4               
0000e668  __mspabi_sral_3               
0000e66c  __mspabi_sral_2               
0000e670  __mspabi_sral_1               
0000e676  __mspabi_slll_15              
0000e67a  __mspabi_slll_14              
0000e67e  __mspabi_slll_13              
0000e682  __mspabi_slll_12              
0000e686  __mspabi_slll_11              
0000e68a  __mspabi_slll_10              
0000e68e  __mspabi_slll_9               
0000e692  __mspabi_slll_8               
0000e696  __mspabi_slll_7               
0000e69a  __mspabi_slll_6               
0000e69e  __mspabi_slll_5               
0000e6a2  __mspabi_slll_4               
0000e6a6  __mspabi_slll_3               
0000e6aa  __mspabi_slll_2               
0000e6ae  __mspabi_slll_1               
0000e6b4  lcd_tx                        
0000e6ee  i2c_tx_double                 
0000e726  nibbler                       
0000e75e  USCIAB0TX_ISR                 
0000e794  i2c_tx_single                 
0000e7c6  __mspabi_fltulf               
0000e7f8  __mspabi_subd                 
0000e826  i2c_init                      
0000e852  __mspabi_srai                 
0000e85e  __mspabi_srai_15              
0000e860  __mspabi_srai_14              
0000e862  __mspabi_srai_13              
0000e864  __mspabi_srai_12              
0000e866  __mspabi_srai_11              
0000e868  __mspabi_srai_10              
0000e86a  __mspabi_srai_9               
0000e86c  __mspabi_srai_8               
0000e86e  __mspabi_srai_7               
0000e870  __mspabi_srai_6               
0000e872  __mspabi_srai_5               
0000e874  __mspabi_srai_4               
0000e876  __mspabi_srai_3               
0000e878  __mspabi_srai_2               
0000e87a  __mspabi_srai_1               
0000e87e  __mspabi_slli                 
0000e88a  __mspabi_slli_15              
0000e88c  __mspabi_slli_14              
0000e88e  __mspabi_slli_13              
0000e890  __mspabi_slli_12              
0000e892  __mspabi_slli_11              
0000e894  __mspabi_slli_10              
0000e896  __mspabi_slli_9               
0000e898  __mspabi_slli_8               
0000e89a  __mspabi_slli_7               
0000e89c  __mspabi_slli_6               
0000e89e  __mspabi_slli_5               
0000e8a0  __mspabi_slli_4               
0000e8a2  __mspabi_slli_3               
0000e8a4  __mspabi_slli_2               
0000e8a6  __mspabi_slli_1               
0000e8aa  __mspabi_mpyl                 
0000e8aa  __mspabi_mpyl_sw              
0000e8d0  int_pow                       
0000e8f4  __mspabi_mpyul                
0000e8f4  __mspabi_mpyul_sw             
0000e916  __mspabi_mpyull               
0000e916  __mspabi_mpyull_sw            
0000e934  _c_int00_noargs               
0000e950  __TI_zero_init_nomemset       
0000e964  __mspabi_mpyi                 
0000e964  __mspabi_mpyi_sw              
0000e978  __mspabi_srll                 
0000e98a  __mspabi_sral                 
0000e99a  __mspabi_func_epilog_7        
0000e99c  __mspabi_func_epilog_6        
0000e99e  __mspabi_func_epilog_5        
0000e9a0  __mspabi_func_epilog_4        
0000e9a2  __mspabi_func_epilog_3        
0000e9a4  __mspabi_func_epilog_2        
0000e9a6  __mspabi_func_epilog_1        
0000e9aa  USCIAB0RX_ISR                 
0000e9b6  __TI_ISR_TRAP                 
0000e9be  C$$EXIT                       
0000e9be  abort                         
0000e9c4  _system_pre_init              
0000e9c8  _system_post_cinit            
0000e9ce  __TI_Handler_Table_Base       
0000e9d0  __TI_CINIT_Base               
0000e9d0  __TI_Handler_Table_Limit      
0000e9d4  __TI_CINIT_Limit              
0000e9d4  __TI_CINIT_Warm               
0000ffe0  __TI_int00                    
0000ffe4  __TI_int02                    
0000ffe6  __TI_int03                    
0000ffea  __TI_int05                    
0000ffec  __TI_int06                    
0000ffee  __TI_int07                    
0000fff0  __TI_int08                    
0000fff2  __TI_int09                    
0000fff4  __TI_int10                    
0000fff6  __TI_int11                    
0000fff8  __TI_int12                    
0000fffa  __TI_int13                    
0000fffc  __TI_int14                    
0000fffe  _reset_vector                 
ffffffff  __TI_pprof_out_hndl           
ffffffff  __TI_prof_data_size           
ffffffff  __TI_prof_data_start          
ffffffff  __c_args__                    

[291 symbols]
